// Bun Snapshot v1, https://bun.sh/docs/test/snapshots

exports[`rendering gallery Flowchart / Unicode and crossings 1`] = `
"                    ╭──────╮
            ╭──────▶│ 界面 ├───────╮
            │       ╰──────╯       │
            │                      │
╭───────╮   │                      │    ╭──────╮
│ Start ├───┤                      ╰───▶│ Café │
╰───────╯   │                           ╰──────╯
            │
            │      ╭─────────╮
            ╰─────▶│ ship 🚢 │
                   ╰─────────╯"
`;

exports[`rendering gallery Flowchart / nested grouping and feedback 1`] = `
"╭─ Terminal Runtime ─────────────────────────────────────────────────╮
│                   ╭──────── retry with a wider label ────────╮     │
│                   │                                          │     │
│                   │                                          │     │
│                   │                                          │     │
│                   ▼                                     ╭────┴───╮ │
│ ╭───────╮    ╭────────╮                                 ├────────┤ │
│ │ Parse ├───▶│ Layout ├────────────────────────────────▶│ Render │ │
│ ╰───────╯    ╰────────╯                                 ├────────┤ │
│                                                         ╰────────╯ │
╰────────────────────────────────────────────────────────────────────╯"
`;

exports[`rendering gallery Flowchart / vertical branching and multiline Unicode 1`] = `
"                   ╭─────────╮
                   │ Upload  │
                   │ 界 file │◀─────── yes ────────╮
                   ╰────┬────╯                     │
                        │                          │
     ╭─ valid payload ──┴ invalid payload ╮        │
     │                                    │        │
     ▼                                    ▼        │
╭─────────╮                           ╭───────╮    │
├─────────┤                         ╭─╯       ╰─╮  │
│ Archive │                         │  Retry?   ├──╯
├─────────┤                         ╰─╮       ╭─╯
╰─────────╯                           ╰───┬───╯
                                          │
                        ╭────── no ───────╯
                        │
                        ▼
                    ╭──────╮
                    │ Stop │
                    ╰──────╯"
`;

exports[`rendering gallery Flowchart / reverse horizontal branch and merge 1`] = `
"      ╭───────────────────────────────────────╮
      │                                       │
      │                                       │
      ▼               ╭───────╮               │
╭──────────╮          ├───────┤          ╭────┴───╮          ╭────────────────╮
│ Rendered │◀─────────┤ Cache │◀─────────┤ Parser │◀─────────┤ Mermaid Source │
╰──────────╯          ├───────┤          ╰────────╯          ╰────────────────╯
                      ╰───────╯"
`;

exports[`rendering gallery Flowchart / simple reverse horizontal edge 1`] = `
"╭──────────╮          ╭────────╮
│ Rendered │◀─────────┤ Parser │
╰──────────╯          ╰────────╯"
`;

exports[`rendering gallery Flowchart / multiline edge label clearance 1`] = `
"╭────────╮
│ Upload │
╰────┬───╯
     │
     │
     │ validate payload
     │ normalize fields
     │ persist record
     ▼ notify observer
╭─────────╮
├─────────┤
│ Archive │
├─────────┤
╰─────────╯"
`;

exports[`rendering gallery Flowchart / multiline subgraph title relocation 1`] = `
"   ╭───────╮
   │ Input │
   ╰───┬───╯
       │
       │
╭──────│──────╮
│      ▼      │
│  ╭───────╮  │
│  │ Parse │  │
│  ╰───┬───╯  │
│      │      │
│      │      │
│      │      │
│      ▼      │
│  ╭───────╮  │
│  ├───────┤  │
│  │ Store │  │
│  ├───────┤  │
│  ╰───────╯  │
│  Validation │
╰─ Pipeline ──╯"
`;

exports[`rendering gallery Flowchart / parallel multiline lanes 1`] = `
"               first attempt
╭────────╮     accepted          ╭────────╮
│ Source ├──────────────────────▶│ Target │
╰────┬───╯                       ╰────────╯
     │                                ▲
     │         second attempt         │
     │         retry                  │
     ├────────────────────────────────┤
     │         third attempt          │
     │         fallback               │
     ╰────────────────────────────────╯"
`;

exports[`rendering gallery State / reverse direction and long labels 1`] = `
"                   ╭────────╮ reopen after a very detailed reviewer comment ╭───────────╮
                   │ Review │◀──────────────────────────────────────────────┤ Published │
                   ╰──┬─────╯                                               ╰───────────╯
   changes requested  │    ▲───╮
                     ╭╯        │
                     ▼         │
                   ╭───────╮   │
                   │ Draft │   │
                   ╰───┬───╯   │
                       │       │
                       │       │
                       │       │ resubmit
                       ╰───────╯"
`;

exports[`rendering gallery State / reciprocal narrow routes in reverse direction 1`] = `
"      ╭───╮             ╭───╮
      │ B │◀────────────┤ A │
      ╰┬──╯             ╰───╯
       │ ▲
 down  │ │
       ▼ │  back
      ╭──┴╮
      │ C │
      ╰───╯"
`;

exports[`rendering gallery State / multiline transition labels 1`] = `
"          submit changes
╭───────╮ after validation ╭────────╮  approve    ╭───────────╮
│ Draft ├─────────────────▶│ Review ├────────────▶│ Published │
╰───────╯                  ╰────────╯             ╰───────────╯"
`;

exports[`rendering gallery State / vertical multiline labels and note 1`] = `
"   ╭───────╮
   │ Draft │
   ╰───┬───╯
       │
       │ submit changes
       │ with complete context
       │
       ▼
╭────────────╮    ╔═══════════════════════════╗
│ Validation │════╣ reviewer sees 界 and Café ║
╰──────┬─────╯    ╚═══════════════════════════╝
       │
       │ approve
       │
       ▼
 ╭───────────╮
 │ Published │
 ╰───────────╯"
`;

exports[`rendering gallery State / choice split and repair loop 1`] = `
"              ╭─────────╮  validate       clean     ╭───────────╮
●────────────▶│ Editing ├─────────────┬────────────▶│ Published │
              ╰─────────╯             │             ╰───────────╯
               ▲                      │ rejected
               │                      │
               │                      ▼
               │                 ╭────────╮
               │                 │ Errors │
               │                 ╰────┬───╯
               │                      │
               │                      │
               │       repair         │
               ╰──────────────────────╯"
`;

exports[`rendering gallery State / reverse choice split 1`] = `
"          ╭───────────╮   clean        validate   ╭─────────╮
          │ Published │◀────────────┬─────────────┤ Editing │◀────────────●
          ╰───────────╯             │ rejected    ╰─────────╯
                                    ╰╮
                                     │
                                     ▼
                                ╭────────╮
                                │ Errors │
                                ╰────────╯"
`;

exports[`rendering gallery State / reverse composite straight route 1`] = `
"╭─ Runtime ────────────────────────╮
│                                  │
│ ╭────────╮   format    ╭───────╮ │
│ │ Render │◀────────────┤ Parse │ │
│ ╰────────╯             ╰───────╯ │
│                                  │
╰──────────────────────────────────╯"
`;

exports[`rendering gallery State / composites, choices, notes, and Unicode 1`] = `
"╭─ Socket ─────────────────────────────────────────────────────────────────────────────────────────────────────────────────╮
│                                                                                              ╔═════════════════════════╗ │
│                                                                                          ╔═══╣ wide label / 界面 cache ║ │
│                                                                                          ║   ╚═════════════════════════╝ │
│                                                                                          ║                               │
│                                                                                          ║                               │
│                 ╭────────────╮    open     ╭───────────╮ retry with Café / 界 ╭─────────╮               ready            │       success    ╭──────────╮
│   ─────────────▶│ Connecting ├────────────▶│ Connected ├─────────────────────▶│ Backoff ├──────────────────────────────────────────────────▶│ Complete │
│                 ╰────────────╯             ╰───────────╯                      ╰────┬────╯                                │                  ╰──────────╯
│                  ▲                                                                 │                                     │
│                  │                                                                 │                                     │
│                  │                                                                 │                                     │
│                  │                                                                 │                                     │
│                  │                             timer                               │                                     │
│                  ╰─────────────────────────────────────────────────────────────────╯                                     │
╰──────────────────────────────────────────────────────────────────────────────────────────────────────────────────────────╯"
`;

exports[`rendering gallery Sequence / long alternate branch 1`] = `
"╭───────╮                 ╭──────────╮
│ UI 界 │                 │ Café API │
╰───┬───╯                 ╰─────┬────╯
    │                           │
    │ submit request            │
    ├───────────────────────────▶
    │                           │
 ╭─ alt: ok ──────────────────────────────────────────────────────────╮
 │  │                           │                                     │
 │  │ accepted                  │                                     │
 │  ◀───────────────────────────┤                                     │
 │  │                           │                                     │
 ├─ else: validation failed with a substantially longer explanation ──┤
 │  │                           │                                     │
 │  │ retry with corrections    │                                     │
 │  ◀───────────────────────────┤                                     │
 │  │                           │                                     │
 ╰────────────────────────────────────────────────────────────────────╯
    │                           │"
`;

exports[`rendering gallery Sequence / groups, notes, activation, and self-message 1`] = `
"╭─ Frontend ───────────────────╮    ╭─ Backend ────────────────────────╮
│ ╭─────────╮        ╭───────╮ │    │ ╭─────────╮                      │
│ │ Browser │        │ Cache │ │    │ │ Service │                      │
│ ╰────┬────╯        ╰───┬───╯ │    │ ╰────┬────╯                      │
│      │                 │     │    │      │                           │
│      │ fetch document  │     │    │      │                           │
│      ├───────────────────────────────────▶                           │
│      │                 │     │    │      │                           │
│      │                 │     │    │      ├─────────────────────────╮ │
│      │                 │     │    │      │ validate and normalize  │ │
│      │                 │     │    │      ◀─────────────────────────╯ │
│      │                 │     │    │      │                           │
│      │                 │     │    │      │                           │
│      │ response contains a wide 界 glyph │                           │
│      │                 │     │    │      │                           │
│      │ complete        │     │    │      │                           │
│      ◀───────────────────────────────────┤                           │
│      │                 │     │    │      │                           │
╰──────────────────────────────╯    ╰──────────────────────────────────╯"
`;

exports[`rendering gallery Sequence / nested fragments and multiline messages 1`] = `
"╭────────╮         ╭────────╮         ╭───────╮
│ Client │         │ Worker │         │ Store │
╰────┬───╯         ╰────┬───╯         ╰───┬───╯
     │                  │                 │
  ╭─ alt: cached ────────────────────────────╮
  │  │                  │                 │  │
  │  │ return cached    │                 │  │
  │  │ Café result      │                 │  │
  │  ◀──────────────────┤                 │  │
  │  │                  │                 │  │
  ├─ else: rebuild requested ────────────────┤
  │  │                  │                 │  │
  │╭─ ↻ loop: retry while unavailable ──────╮│
  ││ │                  │                 │ ││
  ││ │                  │ refresh         │ ││
  ││ │                  │ 界 index        │ ││
  ││ │                  ├─────────────────▶ ││
  ││ │                  │                 │ ││
  ││ │                  │ ready           │ ││
  ││ │                  ◀─────────────────┤ ││
  ││ │                  │                 │ ││
  │╰────────────────────────────────────────╯│
  │  │                  │                 │  │
  │  │ complete         │                 │  │
  │  ◀──────────────────┤                 │  │
  │  │                  │                 │  │
  ╰──────────────────────────────────────────╯
     │                  │                 │"
`;

exports[`rendering gallery Sequence / separate compact and wide fragments 1`] = `
" ╭───╮             ╭───╮
 │ A │             │ B │
 ╰─┬─╯             ╰─┬─╯
   │                 │
╭─ alt: ok ─────────────╮
│  │                 │  │
│  │ first           │  │
│  ├─────────────────▶  │
│  │                 │  │
├─ else: no ────────────┤
│  │                 │  │
│  │ retry           │  │
│  ◀─────────────────┤  │
│  │                 │  │
╰───────────────────────╯
   │                 │
╭─ alt: accepted ─────────────────────────────────────────╮
│  │                 │                                    │
│  │ next            │                                    │
│  ├─────────────────▶                                    │
│  │                 │                                    │
├─ else: validation failed with a very long explanation ──┤
│  │                 │                                    │
│  │ repair          │                                    │
│  ◀─────────────────┤                                    │
│  │                 │                                    │
╰─────────────────────────────────────────────────────────╯
   │                 │"
`;

exports[`rendering gallery Sequence / long self-call and spanning note 1`] = `
"╭─────────╮                                 ╭─────────╮
│ Browser │                                 │ Runtime │
╰────┬────╯                                 ╰────┬────╯
     │                                           │
     │ render                                    │
     ├───────────────────────────────────────────▶
     │                                           │
     │                                           ├────────────────────────────────────────────────────╮
     │                                           │ measure a substantially longer Unicode label 界面  │
     │                                           ◀────────────────────────────────────────────────────╯
     │                                           │
     │                                           │
     │  stable terminal widths for Café and 界   │
     │                                           │
     │ done                                      │
     ◀───────────────────────────────────────────┤
     │                                           │"
`;

exports[`rendering gallery State / independent overlapping feedback paths 1`] = `
"                                   reset B
                     ╭──────────────────────────────────╮
                     │                                  │
                     ▼                                  │
╭───╮  advance    ╭───╮  continue   ╭───╮   finish    ╭─┴─╮
│ A ├────────────▶│ B ├────────────▶│ C ├────────────▶│ D │
╰───╯             ╰───╯             ╰─┬─╯             ╰───╯
 ▲                                    │
 │                                    │
 │              reset A               │
 ╰────────────────────────────────────╯"
`;

exports[`rendering gallery ER / checkout relationships 1`] = `
"╭─────────────────╮
│    CUSTOMER     │                                               ╭───────────╮
│    ────────     │                               ╭── contains ─o{│ LINE_ITEM │
│  string id PK   ├||─ places ───╮                │          │    ╰───────────╯
│ string email UK │              │                │          │
╰─────────────────╯              │    ╭───────╮   │          │
                                 ╰──||│ ORDER ├||─┤          │
                                      ╰───────╯   │          │
                                                  │          │
                                                  │          │     ╭─────────╮
                                                  ╰─── paid_by ──|{│ PAYMENT │
    ╭─────────╮                                              │     ╰─────────╯
    │ PRODUCT ├||─────────────── appears_in ─────────────────╯
    ╰─────────╯"
`;

exports[`rendering gallery ER / memberships and teams 1`] = `
"                                     ╭────────────╮
╭─────────────────╮  ╭┬─ includes ─o{│ MEMBERSHIP │
│      USER       │  ││              ╰────────────╯
│    ────────     │  ││
│  string id PK   ├||┼┤
│ string email UK │  ││
╰─────────────────╯  ││
                     ││
                     ││               ╭─────────╮
                     │╰──── owns ───o{│ PROJECT │
                     │                ╰─────────╯
                     │
╭────────────────╮   │
│      TEAM      │   │
│    ────────    │   │
│  string id PK  ├||─┤
│ string slug UK │   │                 ╭────────╮
╰────────────────╯   ╰──── sends ────o{│ INVITE │
                                       ╰────────╯"
`;
